********************************************************************************
   General Structure Analysis System-II Crystal Structure Refinement
              by Robert B. Von Dreele & Brian H. Toby
                Argonne National Laboratory(C), 2010
 This product includes software developed by the UChicago Argonne, LLC,
            as Operator of Argonne National Laboratory.
                          Please cite:
   B.H. Toby & R.B. Von Dreele, J. Appl. Cryst. 46, 544-549 (2013)
********************************************************************************
 Least squares controls:
 Refinement type: analytic Hessian
 Maximum number of cycles: 50
 Regularize hydrogens (if any): False
 Initial shift factor: 1.000

 Phases:

 Phase name: Cu_symmetrized
=======================================================================================================================================

 X-ray scattering factors:
   Symbol     fa                                      fb                                      fc
---------------------------------------------------------------------------------------------------
 Cu        13.33800   7.16760   5.61580   1.67350   3.58280   0.24700  11.39660  64.81260   1.19100

 Electron scattering factors:
   Symbol     fa                                                fb
---------------------------------------------------------------------------------------------------
 Cu         0.35010   1.65580   1.95820   0.21340   1.41090   0.18670   1.99170  11.33960  53.26190  63.25200

 Neutron scattering factors:
   Symbol   isotope       mass       b       resonant terms
---------------------------------------------------------------------------------------------------
 Cu      Nat. Abund.     63.546    0.772

 Space Group: F m -3 m
 The lattice is centrosymmetric F-centered cubic
 The Laue symmetry is m3m
 The lattice point group is m3m
 Multiplicity of a general site is 192
 The inversion center is located at 0,0,0
 
 The equivalent positions are:

 (0,0,0; 0,1/2,1/2; 1/2,0,1/2; 1/2,1/2,0)+

 ( 1)     X,     Y,     Z 
 ( 2)     Z,     X,     Y 
 ( 3)     Y,     Z,     X 
 ( 4)     X,     Y,    -Z 
 ( 5)    -Z,     X,     Y 
 ( 6)     Y,    -Z,     X 
 ( 7)    -Z,     X,    -Y 
 ( 8)    -Y,    -Z,     X 
 ( 9)     Y,    -Z,    -X 
 (10)    -X,     Y,    -Z 
 (11)    -Z,    -X,     Y 
 (12)     X,    -Y,    -Z 
 (13)     Y,     X,     Z 
 (14)     Z,     Y,     X 
 (15)     X,     Z,     Y 
 (16)     Y,     X,    -Z 
 (17)    -Z,     Y,     X 
 (18)     X,    -Z,     Y 
 (19)    -Z,     Y,    -X 
 (20)    -X,    -Z,     Y 
 (21)     X,    -Z,    -Y 
 (22)    -Y,     X,    -Z 
 (23)    -Z,    -Y,     X 
 (24)     Y,    -X,    -Z 

 Atoms:
   name    type  refine?   x         y         z      frac site sym  mult I/A   Uiso     U11     U22     U33     U12     U13     U23
---------------------------------------------------------------------------------------------------------------------------------------
    Cu0     Cu          0.00000   0.00000   0.00000   1.000    m3m    4    I 0.01000                                                

 Unit cell: a = 3.58180 b = 3.58180 c = 3.58180 alpha = 90.000 beta = 90.000 gamma = 90.000 volume = 45.952 Refine? True

 Phase: Cu_symmetrized in histogram: PWDR Cu.txt
=======================================================================================================================================
 Phase fraction  :         10 Refine? True
 Extinction coeff:     0.0000 Refine? False
 March-Dollase PO:     1.0000 Refine? False Axis: 0 0 1

 Size model    : isotropic equatorial:       1.000 Refine? True
	 LG mixing coeff.:       1.0000 Refine? False

 Mustrain model: isotropic equatorial:      1000.0 Refine? False
	 LG mixing coeff.:      1.0000 Refine? False

 Hydrostatic/elastic strain:
 names :         D11          eA
 values:           0           0
 refine:       False       False

 Histogram: PWDR Cu.txt histogram Id: 0
=======================================================================================================================================
 Instrument type: Bragg-Brentano
 Histogram limits:     1.00 deg to    99.99 deg

 Sample Parameters:
 Goniometer omega = 0.00, chi = 0.00, phi = 0.00
 name  :         Scale         Shift  Transparency    SurfRoughA    SurfRoughB
 value :        0.0177       -1.5157        0.0000        0.0000        0.0000
 refine:          True         False         False         False         False

 Instrument Parameters:
 name  :     Azimuth I(L2)/I(L1)        Lam1        Lam2    Polariz.        SH/L           U           V           W
 value :    0.000000    0.500000    1.540500    1.544300    0.700000    0.002000    2.000000   -2.000000    5.000000
 refine:                   False                               False       False       False       False       False

 name  :           X           Y           Z        Zero
 value :    0.000000    0.000000    0.000000    0.000000
 refine:       False       False       False       False

 Background function: chebyschev-1 Refine? True
 Coefficients:      1.323    -1.901     0.983    -0.334     0.119
 Fixed background file: ; mult: 1.000  Refine? False

 Refinement results:
---------------------------------------------------------------------------------------------------------------------------------------
 Number of function calls: 7 No. of observations: 9900 No. of parameters: 9 User rejected: 0 Sp. gp. extinct: 0
 Refinement time =    0.445s,    0.148s/cycle, for 3 cycles
 wR =   13.38%, chi**2 =      189.486, GOF =   0.14
----------------------------------------------------------------------------------------------------------------------------------
Parameters generated by constraints

 name  :          0::A0
 value :        0.07795
 sig   :        0.00000 

 Phases:
 Result for phase: Cu_symmetrized
=======================================================================================================================================
 Reciprocal metric tensor: 
  names :            A11            A22            A33            A12            A13            A23
  values:    0.077946692    0.077946692    0.077946692    0.000000000    0.000000000    0.000000000
  esds  :    0.000000577                                                                           
 New unit cell:
  names :           a           b           c       alpha        beta       gamma      Volume
  values:    3.581799    3.581799    3.581799     90.0000     90.0000     90.0000      45.952
  esds  :    0.000013                                                                   0.001

 Atoms:
   name      x         y         z      frac   Uiso     U11     U22     U33     U12     U13     U23
---------------------------------------------------------------------------------------------------------------------------------------
    Cu0     Cu:
 values:   0.00000   0.00000   0.00000   1.000 0.01000
 sig   :                                               

 Density: 9.1853 g/cm**3

 Phase: Cu_symmetrized in histogram: PWDR Cu.txt
=======================================================================================================================================
 Final refinement RF, RF^2 = 8.00%, 17.71% on 5 reflections
 Durbin-Watson statistic = 0.695
 Bragg intensity sum = 1.91e+03
 Phase fraction  :      10.11, sig   0.017078 Weight fraction  :  0.00000, sig    0.00000

 Size model:     isotropic equatorial:     0.72527, sig:  0.0177 LG mix coeff.:      1.0000

 Histogram: PWDR Cu.txt histogram Id: 0
=======================================================================================================================================
 PWDR histogram weight factor = 1.000
 Final refinement wR = 13.38% on 9900 observations in this histogram
 Other residuals: R = 9.63%, R-bkg = 22.12%, wR-bkg = 13.38% wRmin = 96.73%
 Instrument type: Bragg-Brentano

 Resonant form factors:(ref: D.T. Cromer & D.A. Liberman (1981), Acta Cryst. A37, 267-268.)
 Element:       Cu
 f'     :   -1.965
 f"     :    0.589

 Sample Parameters:
 names :         Scale         Shift  Transparency    SurfRoughA    SurfRoughB
 values:        0.0179       -1.5157        0.0000        0.0000        0.0000
 sig   :        0.0000                                                        

 Background function: chebyschev-1
 value :      1.278    -1.967    0.9671   -0.3517    0.1036
 sig   :    0.00248  0.004233  0.003856  0.002952  0.002792
 Background sums: empirical 9.39e+03, Debye 0, peaks 0, Total 9.39e+03
